------------------------------------------------------------
Timing Analyzer Summary
------------------------------------------------------------

Type  : Slow 1100mV 85C Model Setup 'FSM:Control|state.c3_stop_nop'
Slack : -8.344
TNS   : -85.793

Type  : Slow 1100mV 85C Model Setup 'KEY[1]'
Slack : -8.286
TNS   : -3973.650

Type  : Slow 1100mV 85C Model Hold 'KEY[1]'
Slack : 0.323
TNS   : 0.000

Type  : Slow 1100mV 85C Model Hold 'FSM:Control|state.c3_stop_nop'
Slack : 3.834
TNS   : 0.000

Type  : Slow 1100mV 85C Model Minimum Pulse Width 'KEY[1]'
Slack : -2.174
TNS   : -515.968

Type  : Slow 1100mV 85C Model Minimum Pulse Width 'FSM:Control|state.c3_stop_nop'
Slack : 0.151
TNS   : 0.000

Type  : Slow 1100mV 0C Model Setup 'FSM:Control|state.c3_stop_nop'
Slack : -8.155
TNS   : -84.230

Type  : Slow 1100mV 0C Model Setup 'KEY[1]'
Slack : -7.753
TNS   : -3759.337

Type  : Slow 1100mV 0C Model Hold 'KEY[1]'
Slack : 0.283
TNS   : 0.000

Type  : Slow 1100mV 0C Model Hold 'FSM:Control|state.c3_stop_nop'
Slack : 3.777
TNS   : 0.000

Type  : Slow 1100mV 0C Model Minimum Pulse Width 'KEY[1]'
Slack : -2.174
TNS   : -480.259

Type  : Slow 1100mV 0C Model Minimum Pulse Width 'FSM:Control|state.c3_stop_nop'
Slack : 0.141
TNS   : 0.000

Type  : Fast 1100mV 85C Model Setup 'KEY[1]'
Slack : -6.227
TNS   : -2749.162

Type  : Fast 1100mV 85C Model Setup 'FSM:Control|state.c3_stop_nop'
Slack : -4.415
TNS   : -43.802

Type  : Fast 1100mV 85C Model Hold 'KEY[1]'
Slack : 0.184
TNS   : 0.000

Type  : Fast 1100mV 85C Model Hold 'FSM:Control|state.c3_stop_nop'
Slack : 2.118
TNS   : 0.000

Type  : Fast 1100mV 85C Model Minimum Pulse Width 'KEY[1]'
Slack : -2.174
TNS   : -274.134

Type  : Fast 1100mV 85C Model Minimum Pulse Width 'FSM:Control|state.c3_stop_nop'
Slack : 0.149
TNS   : 0.000

Type  : Fast 1100mV 0C Model Setup 'KEY[1]'
Slack : -5.112
TNS   : -2270.695

Type  : Fast 1100mV 0C Model Setup 'FSM:Control|state.c3_stop_nop'
Slack : -4.205
TNS   : -42.109

Type  : Fast 1100mV 0C Model Hold 'KEY[1]'
Slack : 0.166
TNS   : 0.000

Type  : Fast 1100mV 0C Model Hold 'FSM:Control|state.c3_stop_nop'
Slack : 2.060
TNS   : 0.000

Type  : Fast 1100mV 0C Model Minimum Pulse Width 'KEY[1]'
Slack : -2.174
TNS   : -264.133

Type  : Fast 1100mV 0C Model Minimum Pulse Width 'FSM:Control|state.c3_stop_nop'
Slack : 0.210
TNS   : 0.000

------------------------------------------------------------
